// Jest Snapshot v1, https://goo.gl/fbAQLP

exports[`create-ticket.vue should match the snapshot 1`] = `
<b-container-stub tag="div" fluid="true">
  <b-row-stub tag="div">
    <b-col-stub cols="3" tag="div" class="mt-5">
      <b-row-stub tag="div">
        <b-col-stub cols="12" tag="div">
          <div class="icon">
            +
          </div>
        </b-col-stub>
        <b-col-stub cols="12" tag="div">
          <h1 class="title mt-3">
            Створення талону
          </h1>
        </b-col-stub>
        <b-col-stub cols="12" tag="div">
          <p class="ticket__text">
            Nec diam ut in ipsum adipiscing pulvinar consequat tempus lectus. Sit a sagittis viverra consectetur aenean hac scelerisque mauris. Sollicitudin venenatis dui pretium lacus at blandit enim rutrum.
          </p>
        </b-col-stub>
        <b-col-stub cols="12" tag="div">
          <div class="notification success">
            <div class="notification__content">
              Позначені* поля обов’язкові для заповнення
            </div>
          </div>
        </b-col-stub>
      </b-row-stub>
    </b-col-stub>
    <b-col-stub cols="7" tag="div">
      <div tag="div" class="ticket">
        <form class="container-fluid p-0">
          <b-row-stub tag="div">
            <b-col-stub cols="12" tag="div">
              <management-table-stub value="[object Object],[object Object]" label="" placeholder="" type="text" inputclasses="" vid="" rules="" listlink="" config="[object Object]" btntext="Додати документ"></management-table-stub>
            </b-col-stub>
          </b-row-stub>
          <b-row-stub tag="div" class="mt-4">
            <b-col-stub cols="11" tag="div" class="d-flex align-items-center justify-content-between">
              <checkbox-stub value="true" label="Всі товари з документу" placeholder="" type="text" inputclasses="" vid="" rules="" listlink=""></checkbox-stub> <button type="button" class="btn btn-transparent white-space-nowrap">
                Вказати номер товару <b>+</b></button>
            </b-col-stub>
            <b-col-stub cols="12" tag="div">
              <management-table-stub value="[object Object],[object Object]" label="" placeholder="" type="text" inputclasses="" vid="" rules="" listlink="" config="[object Object]" btntext="Додати документ"></management-table-stub>
            </b-col-stub>
          </b-row-stub>
          <b-row-stub tag="div" class="mt-4">
            <b-col-stub cols="11" tag="div">
              <factory-field-stub value="" config="[object Object]"></factory-field-stub>
            </b-col-stub>
            <b-col-stub cols="11" tag="div">
              <factory-field-stub value="" config="[object Object]"></factory-field-stub>
            </b-col-stub>
            <b-col-stub cols="11" tag="div">
              <factory-field-stub value="" config="[object Object]"></factory-field-stub>
            </b-col-stub>
            <b-col-stub cols="11" tag="div">
              <factory-field-stub value="" config="[object Object]"></factory-field-stub>
            </b-col-stub>
          </b-row-stub>
          <b-row-stub tag="div" class="mt-4">
            <b-col-stub cols="11" tag="div">
              <factory-field-stub value="" config="[object Object]"></factory-field-stub>
            </b-col-stub>
            <b-col-stub cols="11" tag="div">
              <factory-field-stub value="" config="[object Object]"></factory-field-stub>
            </b-col-stub>
            <b-col-stub cols="11" tag="div">
              <factory-field-stub value="0" config="[object Object]"></factory-field-stub>
            </b-col-stub>
            <b-col-stub cols="11" tag="div">
              <!---->
            </b-col-stub>
            <b-col-stub cols="11" tag="div">
              <factory-field-stub value="" config="[object Object]"></factory-field-stub>
            </b-col-stub>
          </b-row-stub>
          <b-row-stub tag="div" class="mt-4">
            <b-col-stub cols="11" tag="div">
              <factory-field-stub value="" config="[object Object]"></factory-field-stub>
            </b-col-stub>
            <b-col-stub cols="11" tag="div">
              <factory-field-stub value="" config="[object Object]"></factory-field-stub>
            </b-col-stub>
          </b-row-stub>
          <b-row-stub tag="div" class="mt-4">
            <b-col-stub cols="11" tag="div" class="text-right"><a class="btn btn-gray mr-2">
                Скасувати
              </a> <button type="submit" class="btn btn-blue">
                Створити талон
              </button></b-col-stub>
          </b-row-stub>
        </form>
      </div>
    </b-col-stub>
  </b-row-stub>
</b-container-stub>
`;
